D:/ST/Project_Defrost-Anatoly/Core/Src/main.c:878:13:SPI5_Write	16	static
D:/ST/Project_Defrost-Anatoly/Core/Src/main.c:990:6:StartDefaultTask	8	static
D:/ST/Project_Defrost-Anatoly/Core/Src/main.c:1008:6:HandleDataProcessing	8	static
D:/ST/Project_Defrost-Anatoly/Core/Src/main.c:1026:6:ReadDataFunction	8	static
D:/ST/Project_Defrost-Anatoly/Core/Src/main.c:1038:6:Callback01	0	static
D:/ST/Project_Defrost-Anatoly/Core/Src/main.c:282:6:SystemClock_Config	96	static
D:/ST/Project_Defrost-Anatoly/Core/Src/main.c:178:5:main	112	static
D:/ST/Project_Defrost-Anatoly/Core/Src/main.c:722:6:IOE_Init	0	static
D:/ST/Project_Defrost-Anatoly/Core/Src/main.c:731:6:IOE_ITConfig	0	static
D:/ST/Project_Defrost-Anatoly/Core/Src/main.c:743:6:IOE_Write	32	static
D:/ST/Project_Defrost-Anatoly/Core/Src/main.c:754:9:IOE_Read	32	static
D:/ST/Project_Defrost-Anatoly/Core/Src/main.c:767:10:IOE_ReadMultiple	24	static
D:/ST/Project_Defrost-Anatoly/Core/Src/main.c:776:6:IOE_Delay	0	static
D:/ST/Project_Defrost-Anatoly/Core/Src/main.c:904:6:LCD_IO_Init	8	static
D:/ST/Project_Defrost-Anatoly/Core/Src/main.c:914:6:LCD_IO_WriteData	16	static
D:/ST/Project_Defrost-Anatoly/Core/Src/main.c:930:6:LCD_IO_WriteReg	16	static
D:/ST/Project_Defrost-Anatoly/Core/Src/main.c:949:10:LCD_IO_ReadData	32	static
D:/ST/Project_Defrost-Anatoly/Core/Src/main.c:976:6:LCD_Delay	0	static
D:/ST/Project_Defrost-Anatoly/Core/Src/main.c:1053:6:HAL_TIM_PeriodElapsedCallback	0	static
D:/ST/Project_Defrost-Anatoly/Core/Src/main.c:1070:6:Error_Handler	0	static
