D:/ST/Project_Defrost-Anatoly/Core/Src/main.c:837:13:SPI5_Write	16	static
D:/ST/Project_Defrost-Anatoly/Core/Src/main.c:949:6:StartDefaultTask	8	static
D:/ST/Project_Defrost-Anatoly/Core/Src/main.c:967:6:HandleDataProcessing	8	static
D:/ST/Project_Defrost-Anatoly/Core/Src/main.c:251:6:SystemClock_Config	96	static
D:/ST/Project_Defrost-Anatoly/Core/Src/main.c:159:5:main	112	static
D:/ST/Project_Defrost-Anatoly/Core/Src/main.c:681:6:IOE_Init	0	static
D:/ST/Project_Defrost-Anatoly/Core/Src/main.c:690:6:IOE_ITConfig	0	static
D:/ST/Project_Defrost-Anatoly/Core/Src/main.c:702:6:IOE_Write	32	static
D:/ST/Project_Defrost-Anatoly/Core/Src/main.c:713:9:IOE_Read	32	static
D:/ST/Project_Defrost-Anatoly/Core/Src/main.c:726:10:IOE_ReadMultiple	24	static
D:/ST/Project_Defrost-Anatoly/Core/Src/main.c:735:6:IOE_Delay	0	static
D:/ST/Project_Defrost-Anatoly/Core/Src/main.c:863:6:LCD_IO_Init	8	static
D:/ST/Project_Defrost-Anatoly/Core/Src/main.c:873:6:LCD_IO_WriteData	16	static
D:/ST/Project_Defrost-Anatoly/Core/Src/main.c:889:6:LCD_IO_WriteReg	16	static
D:/ST/Project_Defrost-Anatoly/Core/Src/main.c:908:10:LCD_IO_ReadData	32	static
D:/ST/Project_Defrost-Anatoly/Core/Src/main.c:935:6:LCD_Delay	0	static
D:/ST/Project_Defrost-Anatoly/Core/Src/main.c:987:6:HAL_TIM_PeriodElapsedCallback	0	static
D:/ST/Project_Defrost-Anatoly/Core/Src/main.c:1004:6:Error_Handler	0	static
