D:/ST/Project_Defrost-Anatoly/Core/Src/main.c:877:13:SPI5_Write	16	static
D:/ST/Project_Defrost-Anatoly/Core/Src/main.c:989:6:StartDefaultTask	8	static
D:/ST/Project_Defrost-Anatoly/Core/Src/main.c:1007:6:HandleDataProcessing	8	static
D:/ST/Project_Defrost-Anatoly/Core/Src/main.c:1025:6:ReadDataFunction	8	static
D:/ST/Project_Defrost-Anatoly/Core/Src/main.c:1037:6:Callback01	0	static
D:/ST/Project_Defrost-Anatoly/Core/Src/main.c:281:6:SystemClock_Config	96	static
D:/ST/Project_Defrost-Anatoly/Core/Src/main.c:177:5:main	112	static
D:/ST/Project_Defrost-Anatoly/Core/Src/main.c:721:6:IOE_Init	0	static
D:/ST/Project_Defrost-Anatoly/Core/Src/main.c:730:6:IOE_ITConfig	0	static
D:/ST/Project_Defrost-Anatoly/Core/Src/main.c:742:6:IOE_Write	32	static
D:/ST/Project_Defrost-Anatoly/Core/Src/main.c:753:9:IOE_Read	32	static
D:/ST/Project_Defrost-Anatoly/Core/Src/main.c:766:10:IOE_ReadMultiple	24	static
D:/ST/Project_Defrost-Anatoly/Core/Src/main.c:775:6:IOE_Delay	0	static
D:/ST/Project_Defrost-Anatoly/Core/Src/main.c:903:6:LCD_IO_Init	8	static
D:/ST/Project_Defrost-Anatoly/Core/Src/main.c:913:6:LCD_IO_WriteData	16	static
D:/ST/Project_Defrost-Anatoly/Core/Src/main.c:929:6:LCD_IO_WriteReg	16	static
D:/ST/Project_Defrost-Anatoly/Core/Src/main.c:948:10:LCD_IO_ReadData	32	static
D:/ST/Project_Defrost-Anatoly/Core/Src/main.c:975:6:LCD_Delay	0	static
D:/ST/Project_Defrost-Anatoly/Core/Src/main.c:1052:6:HAL_TIM_PeriodElapsedCallback	0	static
D:/ST/Project_Defrost-Anatoly/Core/Src/main.c:1069:6:Error_Handler	0	static
