D:/ST/Project_Defrost-Anatoly/Core/Src/main.c:838:13:SPI5_Write	16	static
D:/ST/Project_Defrost-Anatoly/Core/Src/main.c:950:6:StartDefaultTask	8	static
D:/ST/Project_Defrost-Anatoly/Core/Src/main.c:968:6:Header_Data_Task	8	static
D:/ST/Project_Defrost-Anatoly/Core/Src/main.c:252:6:SystemClock_Config	96	static
D:/ST/Project_Defrost-Anatoly/Core/Src/main.c:160:5:main	112	static
D:/ST/Project_Defrost-Anatoly/Core/Src/main.c:682:6:IOE_Init	0	static
D:/ST/Project_Defrost-Anatoly/Core/Src/main.c:691:6:IOE_ITConfig	0	static
D:/ST/Project_Defrost-Anatoly/Core/Src/main.c:703:6:IOE_Write	32	static
D:/ST/Project_Defrost-Anatoly/Core/Src/main.c:714:9:IOE_Read	32	static
D:/ST/Project_Defrost-Anatoly/Core/Src/main.c:727:10:IOE_ReadMultiple	24	static
D:/ST/Project_Defrost-Anatoly/Core/Src/main.c:736:6:IOE_Delay	0	static
D:/ST/Project_Defrost-Anatoly/Core/Src/main.c:864:6:LCD_IO_Init	8	static
D:/ST/Project_Defrost-Anatoly/Core/Src/main.c:874:6:LCD_IO_WriteData	16	static
D:/ST/Project_Defrost-Anatoly/Core/Src/main.c:890:6:LCD_IO_WriteReg	16	static
D:/ST/Project_Defrost-Anatoly/Core/Src/main.c:909:10:LCD_IO_ReadData	32	static
D:/ST/Project_Defrost-Anatoly/Core/Src/main.c:936:6:LCD_Delay	0	static
D:/ST/Project_Defrost-Anatoly/Core/Src/main.c:988:6:HAL_TIM_PeriodElapsedCallback	0	static
D:/ST/Project_Defrost-Anatoly/Core/Src/main.c:1005:6:Error_Handler	0	static
