../../TouchGFX/gui/include/gui/settings1_screen/Settings1Presenter.hpp:28:13:Settings1Presenter::~Settings1Presenter()	0	static
D:/OneDrive/Coding/MyRepos/Project_Defrost-Anatoly/TouchGFX/gui/src/settings1_screen/Settings1Presenter.cpp:10:6:virtual void Settings1Presenter::activate()	0	static
../../TouchGFX/gui/include/gui/settings1_screen/Settings1Presenter.hpp:28:13:virtual Settings1Presenter::~Settings1Presenter()	8	static
../../TouchGFX/gui/include/gui/settings1_screen/Settings1Presenter.hpp:28:13:virtual void* Settings1Presenter::_ZThn4_N18Settings1PresenterD1Ev()	0	static
D:/OneDrive/Coding/MyRepos/Project_Defrost-Anatoly/TouchGFX/gui/src/settings1_screen/Settings1Presenter.cpp:4:1:Settings1Presenter::Settings1Presenter(Settings1View&)	8	static
