../../Middlewares/ST/touchgfx/framework/include/touchgfx/Screen.hpp:104:18:virtual void touchgfx::Screen::afterTransition()	0	static
../../Middlewares/ST/touchgfx/framework/include/touchgfx/Screen.hpp:144:18:virtual void touchgfx::Screen::handleTickEvent()	0	static
../../Middlewares/ST/touchgfx/framework/include/touchgfx/Screen.hpp:154:18:virtual void touchgfx::Screen::handleKeyEvent(uint8_t)	0	static
D:/OneDrive/Coding/MyRepos/Project_Defrost-Anatoly/TouchGFX/gui/src/visualisation_screen/VisualisationView.cpp:13:6:virtual void VisualisationView::tearDownScreen()	0	static
../../TouchGFX/gui/include/gui/visualisation_screen/VisualisationView.hpp:11:13:VisualisationView::~VisualisationView()	8	static
../../TouchGFX/gui/include/gui/visualisation_screen/VisualisationView.hpp:11:13:virtual VisualisationView::~VisualisationView()	8	static
D:/OneDrive/Coding/MyRepos/Project_Defrost-Anatoly/TouchGFX/gui/src/visualisation_screen/VisualisationView.cpp:3:1:VisualisationView::VisualisationView()	8	static
D:/OneDrive/Coding/MyRepos/Project_Defrost-Anatoly/TouchGFX/gui/src/visualisation_screen/VisualisationView.cpp:8:6:virtual void VisualisationView::setupScreen()	0	static
